// Jest Snapshot v1, https://goo.gl/fbAQLP

exports[`string to camel case alias names 1`] = `
"function
statement
declaration
expression
pattern
class
exportDeclaration
loop
moduleDeclaration"
`;

exports[`string to camel case node names 1`] = `
"identifier
literal
program
functionDeclaration
functionExpression
arrowFunctionExpression
switchCase
catchClause
variableDeclarator
expressionStatement
blockStatement
emptyStatement
debuggerStatement
withStatement
returnStatement
labeledStatement
breakStatement
continueStatement
ifStatement
switchStatement
throwStatement
tryStatement
whileStatement
doWhileStatement
forStatement
forInStatement
forOfStatement
variableDeclaration
classDeclaration
thisExpression
arrayExpression
objectExpression
yieldExpression
unaryExpression
updateExpression
binaryExpression
assignmentExpression
logicalExpression
memberExpression
conditionalExpression
callExpression
newExpression
sequenceExpression
templateLiteral
taggedTemplateExpression
classExpression
metaProperty
awaitExpression
importExpression
chainExpression
property
super
templateElement
spreadElement
objectPattern
arrayPattern
restElement
assignmentPattern
classBody
methodDefinition
importDeclaration
exportNamedDeclaration
exportDefaultDeclaration
exportAllDeclaration
importSpecifier
importDefaultSpecifier
importNamespaceSpecifier
exportSpecifier
privateIdentifier
propertyDefinition
staticBlock
jsxIdentifier
jsxNamespacedName
jsxMemberExpression
jsxEmptyExpression
jsxExpressionContainer
jsxSpreadAttribute
jsxAttribute
jsxClosingElement
jsxClosingFragment
jsxElement
jsxFragment
jsxOpeningElement
jsxOpeningFragment
jsxSpreadChild
jsxText"
`;
